
> harish-ahamed-portfolio@0.0.0 build
> vite build

[36mvite v6.4.1 [32mbuilding for production...[36m[39m
node.exe : 
At C:\Program Files\n
odejs\npm.ps1:29 
char:3
+   & $NODE_EXE 
$NPM_CLI_JS $args
+   ~~~~~~~~~~~~~~~~~
~~~~~~~~~~~~
    + CategoryInfo   
           : NotSpe  
  cified: (:String   
 ) [], RemoteExce    
ption
    + FullyQualified 
   ErrorId : Native  
  CommandError
 
/index.css doesn't 
exist at build time, 
it will remain 
unchanged to be 
resolved at runtime
transforming...
[32mΓ£ô[39m 8 modules transformed.
[31mΓ£ù[39m Build 
failed in 582ms
[31merror during 
build:
[31mCould not 
resolve "./components
/AuroraBackground" 
from "App.tsx"[31m
file: [36mD:/PORTFOL
IO-NEW/App.tsx[31m
    at 
getRollupError (file:
///D:/PORTFOLIO-NEW/n
ode_modules/rollup/di
st/es/shared/parseAst
.js:401:41)
    at error (file://
/D:/PORTFOLIO-NEW/nod
e_modules/rollup/dist
/es/shared/parseAst.j
s:397:42)
    at ModuleLoader.h
andleInvalidResolvedI
d (file:///D:/PORTFOL
IO-NEW/node_modules/r
ollup/dist/es/shared/
node-entry.js:21710:2
4)
    at file:///D:/POR
TFOLIO-NEW/node_modul
es/rollup/dist/es/sha
red/node-entry.js:216
70:26[39m
