App.tsx(3,34): error TS2307: Cannot find module './components/AuroraBackground' or its corresponding type declarations.
